mode: set
github.com/litebase/litebase/pkg/vector/blob.go:29.56,30.19 1 0
github.com/litebase/litebase/pkg/vector/blob.go:30.19,32.3 1 0
github.com/litebase/litebase/pkg/vector/blob.go:34.2,36.31 2 0
github.com/litebase/litebase/pkg/vector/blob.go:36.31,38.3 1 0
github.com/litebase/litebase/pkg/vector/blob.go:40.2,43.39 3 0
github.com/litebase/litebase/pkg/vector/blob.go:43.39,45.3 1 0
github.com/litebase/litebase/pkg/vector/blob.go:48.2,50.20 2 0
github.com/litebase/litebase/pkg/vector/blob.go:51.25,52.22 1 0
github.com/litebase/litebase/pkg/vector/blob.go:53.25,54.22 1 0
github.com/litebase/litebase/pkg/vector/blob.go:55.22,56.22 1 0
github.com/litebase/litebase/pkg/vector/blob.go:57.23,58.22 1 0
github.com/litebase/litebase/pkg/vector/blob.go:59.25,60.22 1 0
github.com/litebase/litebase/pkg/vector/blob.go:61.21,65.32 2 0
github.com/litebase/litebase/pkg/vector/blob.go:65.32,67.4 1 0
github.com/litebase/litebase/pkg/vector/blob.go:69.3,74.9 1 0
github.com/litebase/litebase/pkg/vector/blob.go:75.24,77.20 1 0
github.com/litebase/litebase/pkg/vector/blob.go:77.20,79.4 1 0
github.com/litebase/litebase/pkg/vector/blob.go:81.3,86.9 1 0
github.com/litebase/litebase/pkg/vector/blob.go:87.10,88.68 1 0
github.com/litebase/litebase/pkg/vector/blob.go:91.2,93.31 2 0
github.com/litebase/litebase/pkg/vector/blob.go:93.31,95.3 1 0
github.com/litebase/litebase/pkg/vector/blob.go:97.2,102.8 1 0
github.com/litebase/litebase/pkg/vector/blob.go:106.51,107.34 1 0
github.com/litebase/litebase/pkg/vector/blob.go:107.34,109.3 1 0
github.com/litebase/litebase/pkg/vector/blob.go:111.2,111.77 1 0
github.com/litebase/litebase/pkg/vector/blob.go:115.51,116.34 1 0
github.com/litebase/litebase/pkg/vector/blob.go:116.34,118.3 1 0
github.com/litebase/litebase/pkg/vector/blob.go:120.2,120.77 1 0
github.com/litebase/litebase/pkg/vector/blob.go:124.45,125.31 1 0
github.com/litebase/litebase/pkg/vector/blob.go:125.31,127.3 1 0
github.com/litebase/litebase/pkg/vector/blob.go:129.2,129.74 1 0
github.com/litebase/litebase/pkg/vector/blob.go:133.47,134.32 1 0
github.com/litebase/litebase/pkg/vector/blob.go:134.32,136.3 1 0
github.com/litebase/litebase/pkg/vector/blob.go:138.2,138.75 1 0
github.com/litebase/litebase/pkg/vector/blob.go:143.50,144.34 1 0
github.com/litebase/litebase/pkg/vector/blob.go:144.34,146.3 1 0
github.com/litebase/litebase/pkg/vector/blob.go:148.2,148.76 1 0
github.com/litebase/litebase/pkg/vector/blob.go:152.55,153.34 1 0
github.com/litebase/litebase/pkg/vector/blob.go:153.34,155.3 1 0
github.com/litebase/litebase/pkg/vector/blob.go:157.2,160.24 3 0
github.com/litebase/litebase/pkg/vector/blob.go:160.24,162.3 1 0
github.com/litebase/litebase/pkg/vector/blob.go:164.2,164.15 1 0
github.com/litebase/litebase/pkg/vector/blob.go:169.44,170.30 1 0
github.com/litebase/litebase/pkg/vector/blob.go:170.30,172.3 1 0
github.com/litebase/litebase/pkg/vector/blob.go:174.2,174.16 1 0
github.com/litebase/litebase/pkg/vector/blob.go:178.45,179.30 1 0
github.com/litebase/litebase/pkg/vector/blob.go:179.30,181.3 1 0
github.com/litebase/litebase/pkg/vector/blob.go:183.2,185.37 2 0
github.com/litebase/litebase/pkg/vector/blob.go:185.37,189.3 3 0
github.com/litebase/litebase/pkg/vector/blob.go:191.2,191.15 1 0
github.com/litebase/litebase/pkg/vector/blob.go:201.55,202.33 1 0
github.com/litebase/litebase/pkg/vector/blob.go:202.33,204.3 1 0
github.com/litebase/litebase/pkg/vector/blob.go:207.2,207.22 1 0
github.com/litebase/litebase/pkg/vector/blob.go:207.22,209.3 1 0
github.com/litebase/litebase/pkg/vector/blob.go:211.2,213.38 2 0
github.com/litebase/litebase/pkg/vector/blob.go:213.38,215.3 1 0
github.com/litebase/litebase/pkg/vector/blob.go:217.2,224.29 3 0
github.com/litebase/litebase/pkg/vector/blob.go:224.29,228.3 3 0
github.com/litebase/litebase/pkg/vector/blob.go:230.2,230.15 1 0
github.com/litebase/litebase/pkg/vector/blob.go:234.51,237.39 2 0
github.com/litebase/litebase/pkg/vector/blob.go:237.39,239.3 1 0
github.com/litebase/litebase/pkg/vector/blob.go:241.2,247.24 5 0
github.com/litebase/litebase/pkg/vector/blob.go:247.24,249.3 1 0
github.com/litebase/litebase/pkg/vector/blob.go:251.2,251.18 1 0
github.com/litebase/litebase/pkg/vector/blob.go:255.51,258.39 2 0
github.com/litebase/litebase/pkg/vector/blob.go:258.39,260.3 1 0
github.com/litebase/litebase/pkg/vector/blob.go:262.2,268.24 5 0
github.com/litebase/litebase/pkg/vector/blob.go:268.24,270.3 1 0
github.com/litebase/litebase/pkg/vector/blob.go:272.2,272.18 1 0
github.com/litebase/litebase/pkg/vector/blob.go:276.45,279.39 2 0
github.com/litebase/litebase/pkg/vector/blob.go:279.39,281.3 1 0
github.com/litebase/litebase/pkg/vector/blob.go:283.2,289.24 5 0
github.com/litebase/litebase/pkg/vector/blob.go:289.24,291.3 1 0
github.com/litebase/litebase/pkg/vector/blob.go:293.2,293.18 1 0
github.com/litebase/litebase/pkg/vector/blob.go:297.47,300.39 2 0
github.com/litebase/litebase/pkg/vector/blob.go:300.39,302.3 1 0
github.com/litebase/litebase/pkg/vector/blob.go:304.2,310.24 5 0
github.com/litebase/litebase/pkg/vector/blob.go:310.24,312.3 1 0
github.com/litebase/litebase/pkg/vector/blob.go:314.2,314.18 1 0
github.com/litebase/litebase/pkg/vector/blob.go:318.56,323.16 3 0
github.com/litebase/litebase/pkg/vector/blob.go:323.16,325.3 1 0
github.com/litebase/litebase/pkg/vector/blob.go:327.2,327.33 1 0
github.com/litebase/litebase/pkg/vector/blob.go:327.33,329.3 1 0
github.com/litebase/litebase/pkg/vector/blob.go:331.2,331.20 1 0
github.com/litebase/litebase/pkg/vector/blob.go:335.63,340.16 3 0
github.com/litebase/litebase/pkg/vector/blob.go:340.16,342.3 1 0
github.com/litebase/litebase/pkg/vector/blob.go:344.2,344.33 1 0
github.com/litebase/litebase/pkg/vector/blob.go:344.33,346.3 1 0
github.com/litebase/litebase/pkg/vector/blob.go:348.2,348.20 1 0
github.com/litebase/litebase/pkg/vector/blob.go:352.57,357.16 3 0
github.com/litebase/litebase/pkg/vector/blob.go:357.16,359.3 1 0
github.com/litebase/litebase/pkg/vector/blob.go:361.2,361.33 1 0
github.com/litebase/litebase/pkg/vector/blob.go:361.33,363.3 1 0
github.com/litebase/litebase/pkg/vector/blob.go:365.2,365.20 1 0
github.com/litebase/litebase/pkg/vector/blob.go:369.59,374.16 3 0
github.com/litebase/litebase/pkg/vector/blob.go:374.16,376.3 1 0
github.com/litebase/litebase/pkg/vector/blob.go:378.2,378.33 1 0
github.com/litebase/litebase/pkg/vector/blob.go:378.33,380.3 1 0
github.com/litebase/litebase/pkg/vector/blob.go:382.2,382.20 1 0
github.com/litebase/litebase/pkg/vector/blob.go:386.51,389.39 2 0
github.com/litebase/litebase/pkg/vector/blob.go:389.39,391.3 1 0
github.com/litebase/litebase/pkg/vector/blob.go:393.2,398.26 5 0
github.com/litebase/litebase/pkg/vector/blob.go:398.26,401.3 2 0
github.com/litebase/litebase/pkg/vector/blob.go:403.2,403.18 1 0
github.com/litebase/litebase/pkg/vector/blob.go:407.44,410.39 2 0
github.com/litebase/litebase/pkg/vector/blob.go:410.39,412.3 1 0
github.com/litebase/litebase/pkg/vector/blob.go:414.2,420.26 6 0
github.com/litebase/litebase/pkg/vector/blob.go:420.26,421.10 1 0
github.com/litebase/litebase/pkg/vector/blob.go:421.10,425.4 3 0
github.com/litebase/litebase/pkg/vector/blob.go:428.2,428.18 1 0
github.com/litebase/litebase/pkg/vector/blob.go:433.77,436.24 2 0
github.com/litebase/litebase/pkg/vector/blob.go:436.24,438.3 1 0
github.com/litebase/litebase/pkg/vector/blob.go:440.2,440.24 1 0
github.com/litebase/litebase/pkg/vector/blob.go:444.87,445.51 1 0
github.com/litebase/litebase/pkg/vector/blob.go:445.51,447.3 1 0
github.com/litebase/litebase/pkg/vector/blob.go:449.2,449.33 1 0
github.com/litebase/litebase/pkg/vector/blob.go:449.33,451.3 1 0
github.com/litebase/litebase/pkg/vector/blob.go:453.2,462.29 8 0
github.com/litebase/litebase/pkg/vector/blob.go:462.29,466.3 3 0
github.com/litebase/litebase/pkg/vector/blob.go:468.2,468.18 1 0
github.com/litebase/litebase/pkg/vector/blob.go:472.60,477.16 3 0
github.com/litebase/litebase/pkg/vector/blob.go:477.16,479.3 1 0
github.com/litebase/litebase/pkg/vector/blob.go:481.2,481.33 1 0
github.com/litebase/litebase/pkg/vector/blob.go:481.33,483.3 1 0
github.com/litebase/litebase/pkg/vector/blob.go:485.2,485.30 1 0
github.com/litebase/litebase/pkg/vector/blob.go:489.56,494.16 3 0
github.com/litebase/litebase/pkg/vector/blob.go:494.16,496.3 1 0
github.com/litebase/litebase/pkg/vector/blob.go:498.2,498.33 1 0
github.com/litebase/litebase/pkg/vector/blob.go:498.33,500.3 1 0
github.com/litebase/litebase/pkg/vector/blob.go:502.2,504.27 2 0
github.com/litebase/litebase/pkg/vector/blob.go:504.27,506.3 1 0
github.com/litebase/litebase/pkg/vector/blob.go:508.2,508.24 1 0
github.com/litebase/litebase/pkg/vector/blob.go:513.54,522.16 3 0
github.com/litebase/litebase/pkg/vector/blob.go:522.16,524.3 1 0
github.com/litebase/litebase/pkg/vector/blob.go:526.2,526.43 1 0
github.com/litebase/litebase/pkg/vector/blob.go:526.43,528.3 1 0
github.com/litebase/litebase/pkg/vector/blob.go:530.2,530.65 1 0
github.com/litebase/litebase/pkg/vector/blob.go:534.60,537.39 2 0
github.com/litebase/litebase/pkg/vector/blob.go:537.39,539.3 1 0
github.com/litebase/litebase/pkg/vector/blob.go:541.2,546.26 5 0
github.com/litebase/litebase/pkg/vector/blob.go:546.26,548.3 1 0
github.com/litebase/litebase/pkg/vector/blob.go:550.2,550.18 1 0
github.com/litebase/litebase/pkg/vector/blob.go:554.76,555.51 1 0
github.com/litebase/litebase/pkg/vector/blob.go:555.51,557.3 1 0
github.com/litebase/litebase/pkg/vector/blob.go:559.2,561.38 2 0
github.com/litebase/litebase/pkg/vector/blob.go:561.38,563.3 1 0
github.com/litebase/litebase/pkg/vector/blob.go:565.2,571.18 6 0
github.com/litebase/litebase/pkg/vector/blob.go:575.49,576.34 1 0
github.com/litebase/litebase/pkg/vector/blob.go:576.34,578.3 1 0
github.com/litebase/litebase/pkg/vector/blob.go:580.2,580.12 1 0
github.com/litebase/litebase/pkg/vector/cgo_exports.go:15.69,17.2 1 0
github.com/litebase/litebase/pkg/vector/cgo_exports.go:20.69,25.16 3 0
github.com/litebase/litebase/pkg/vector/cgo_exports.go:25.16,30.3 3 0
github.com/litebase/litebase/pkg/vector/cgo_exports.go:32.2,34.16 2 0
github.com/litebase/litebase/pkg/vector/cgo_exports.go:34.16,39.3 3 0
github.com/litebase/litebase/pkg/vector/cgo_exports.go:41.2,46.18 3 0
github.com/litebase/litebase/pkg/vector/cgo_exports.go:46.18,50.3 2 0
github.com/litebase/litebase/pkg/vector/cgo_exports.go:52.2,54.14 2 0
github.com/litebase/litebase/pkg/vector/cgo_exports.go:58.39,60.2 1 0
github.com/litebase/litebase/pkg/vector/cgo_exports.go:63.39,65.2 1 0
github.com/litebase/litebase/pkg/vector/cgo_exports.go:68.72,73.16 3 0
github.com/litebase/litebase/pkg/vector/cgo_exports.go:73.16,78.3 3 0
github.com/litebase/litebase/pkg/vector/cgo_exports.go:80.2,82.16 2 0
github.com/litebase/litebase/pkg/vector/cgo_exports.go:82.16,87.3 3 0
github.com/litebase/litebase/pkg/vector/cgo_exports.go:89.2,92.18 3 0
github.com/litebase/litebase/pkg/vector/cgo_exports.go:92.18,95.3 2 0
github.com/litebase/litebase/pkg/vector/cgo_exports.go:97.2,99.14 2 0
github.com/litebase/litebase/pkg/vector/cgo_exports.go:103.73,108.16 3 0
github.com/litebase/litebase/pkg/vector/cgo_exports.go:108.16,112.3 3 0
github.com/litebase/litebase/pkg/vector/cgo_exports.go:114.2,116.16 2 0
github.com/litebase/litebase/pkg/vector/cgo_exports.go:116.16,120.3 3 0
github.com/litebase/litebase/pkg/vector/cgo_exports.go:122.2,125.18 3 0
github.com/litebase/litebase/pkg/vector/cgo_exports.go:125.18,128.3 2 0
github.com/litebase/litebase/pkg/vector/cgo_exports.go:130.2,132.14 2 0
github.com/litebase/litebase/pkg/vector/cgo_exports.go:136.74,141.16 3 0
github.com/litebase/litebase/pkg/vector/cgo_exports.go:141.16,145.3 3 0
github.com/litebase/litebase/pkg/vector/cgo_exports.go:147.2,149.16 2 0
github.com/litebase/litebase/pkg/vector/cgo_exports.go:149.16,153.3 3 0
github.com/litebase/litebase/pkg/vector/cgo_exports.go:155.2,158.18 3 0
github.com/litebase/litebase/pkg/vector/cgo_exports.go:158.18,161.3 2 0
github.com/litebase/litebase/pkg/vector/cgo_exports.go:163.2,165.14 2 0
github.com/litebase/litebase/pkg/vector/cgo_exports.go:169.72,174.16 3 0
github.com/litebase/litebase/pkg/vector/cgo_exports.go:174.16,178.3 3 0
github.com/litebase/litebase/pkg/vector/cgo_exports.go:180.2,183.18 3 0
github.com/litebase/litebase/pkg/vector/cgo_exports.go:183.18,186.3 2 0
github.com/litebase/litebase/pkg/vector/cgo_exports.go:188.2,190.14 2 0
github.com/litebase/litebase/pkg/vector/cgo_exports.go:194.72,199.16 3 0
github.com/litebase/litebase/pkg/vector/cgo_exports.go:199.16,203.3 3 0
github.com/litebase/litebase/pkg/vector/cgo_exports.go:205.2,208.18 3 0
github.com/litebase/litebase/pkg/vector/cgo_exports.go:208.18,211.3 2 0
github.com/litebase/litebase/pkg/vector/cgo_exports.go:213.2,215.14 2 0
github.com/litebase/litebase/pkg/vector/cgo_exports.go:219.75,224.16 3 0
github.com/litebase/litebase/pkg/vector/cgo_exports.go:224.16,228.3 3 0
github.com/litebase/litebase/pkg/vector/cgo_exports.go:230.2,233.18 3 0
github.com/litebase/litebase/pkg/vector/cgo_exports.go:233.18,236.3 2 0
github.com/litebase/litebase/pkg/vector/cgo_exports.go:238.2,240.14 2 0
github.com/litebase/litebase/pkg/vector/cgo_exports.go:244.134,249.16 3 0
github.com/litebase/litebase/pkg/vector/cgo_exports.go:249.16,254.3 3 0
github.com/litebase/litebase/pkg/vector/cgo_exports.go:256.2,258.16 2 0
github.com/litebase/litebase/pkg/vector/cgo_exports.go:258.16,263.3 3 0
github.com/litebase/litebase/pkg/vector/cgo_exports.go:265.2,267.16 2 0
github.com/litebase/litebase/pkg/vector/cgo_exports.go:267.16,272.3 3 0
github.com/litebase/litebase/pkg/vector/cgo_exports.go:274.2,276.16 2 0
github.com/litebase/litebase/pkg/vector/cgo_exports.go:276.16,281.3 3 0
github.com/litebase/litebase/pkg/vector/cgo_exports.go:283.2,289.18 5 0
github.com/litebase/litebase/pkg/vector/cgo_exports.go:289.18,293.3 2 0
github.com/litebase/litebase/pkg/vector/cgo_exports.go:295.2,297.14 2 0
github.com/litebase/litebase/pkg/vector/cgo_exports.go:301.135,306.16 3 0
github.com/litebase/litebase/pkg/vector/cgo_exports.go:306.16,310.3 3 0
github.com/litebase/litebase/pkg/vector/cgo_exports.go:312.2,314.16 2 0
github.com/litebase/litebase/pkg/vector/cgo_exports.go:314.16,319.3 3 0
github.com/litebase/litebase/pkg/vector/cgo_exports.go:321.2,323.16 2 0
github.com/litebase/litebase/pkg/vector/cgo_exports.go:323.16,327.3 3 0
github.com/litebase/litebase/pkg/vector/cgo_exports.go:329.2,331.16 2 0
github.com/litebase/litebase/pkg/vector/cgo_exports.go:331.16,336.3 3 0
github.com/litebase/litebase/pkg/vector/cgo_exports.go:338.2,344.18 5 0
github.com/litebase/litebase/pkg/vector/cgo_exports.go:344.18,348.3 2 0
github.com/litebase/litebase/pkg/vector/cgo_exports.go:350.2,352.14 2 0
github.com/litebase/litebase/pkg/vector/cgo_exports.go:356.98,361.16 3 0
github.com/litebase/litebase/pkg/vector/cgo_exports.go:361.16,366.3 3 0
github.com/litebase/litebase/pkg/vector/cgo_exports.go:368.2,370.16 2 0
github.com/litebase/litebase/pkg/vector/cgo_exports.go:370.16,375.3 3 0
github.com/litebase/litebase/pkg/vector/cgo_exports.go:377.2,379.16 2 0
github.com/litebase/litebase/pkg/vector/cgo_exports.go:379.16,384.3 3 0
github.com/litebase/litebase/pkg/vector/cgo_exports.go:386.2,388.16 2 0
github.com/litebase/litebase/pkg/vector/cgo_exports.go:388.16,393.3 3 0
github.com/litebase/litebase/pkg/vector/cgo_exports.go:395.2,399.18 3 0
github.com/litebase/litebase/pkg/vector/cgo_exports.go:399.18,403.3 2 0
github.com/litebase/litebase/pkg/vector/cgo_exports.go:405.2,407.14 2 0
github.com/litebase/litebase/pkg/vector/cgo_exports.go:411.94,416.16 3 0
github.com/litebase/litebase/pkg/vector/cgo_exports.go:416.16,421.3 3 0
github.com/litebase/litebase/pkg/vector/cgo_exports.go:423.2,425.16 2 0
github.com/litebase/litebase/pkg/vector/cgo_exports.go:425.16,430.3 3 0
github.com/litebase/litebase/pkg/vector/cgo_exports.go:432.2,434.16 2 0
github.com/litebase/litebase/pkg/vector/cgo_exports.go:434.16,439.3 3 0
github.com/litebase/litebase/pkg/vector/cgo_exports.go:441.2,443.16 2 0
github.com/litebase/litebase/pkg/vector/cgo_exports.go:443.16,448.3 3 0
github.com/litebase/litebase/pkg/vector/cgo_exports.go:450.2,454.18 3 0
github.com/litebase/litebase/pkg/vector/cgo_exports.go:454.18,457.3 2 0
github.com/litebase/litebase/pkg/vector/cgo_exports.go:459.2,461.14 2 0
github.com/litebase/litebase/pkg/vector/cgo_exports.go:465.119,471.16 4 0
github.com/litebase/litebase/pkg/vector/cgo_exports.go:471.16,475.3 2 0
github.com/litebase/litebase/pkg/vector/cgo_exports.go:477.2,479.16 2 0
github.com/litebase/litebase/pkg/vector/cgo_exports.go:479.16,483.3 2 0
github.com/litebase/litebase/pkg/vector/cgo_exports.go:485.2,487.16 2 0
github.com/litebase/litebase/pkg/vector/cgo_exports.go:487.16,491.3 2 0
github.com/litebase/litebase/pkg/vector/cgo_exports.go:493.2,493.24 1 0
github.com/litebase/litebase/pkg/vector/cgo_exports.go:497.74,500.2 1 0
github.com/litebase/litebase/pkg/vector/connection.go:20.75,22.2 1 0
github.com/litebase/litebase/pkg/vector/connection.go:25.88,29.38 2 0
github.com/litebase/litebase/pkg/vector/connection.go:29.38,31.3 1 0
github.com/litebase/litebase/pkg/vector/connection.go:34.2,36.24 2 0
github.com/litebase/litebase/pkg/vector/connection.go:36.24,38.3 1 0
github.com/litebase/litebase/pkg/vector/connection.go:41.2,43.16 2 0
github.com/litebase/litebase/pkg/vector/connection.go:43.16,45.3 1 0
github.com/litebase/litebase/pkg/vector/connection.go:48.2,50.9 2 0
github.com/litebase/litebase/pkg/vector/connection.go:50.9,52.3 1 0
github.com/litebase/litebase/pkg/vector/connection.go:54.2,57.8 1 0
github.com/litebase/litebase/pkg/vector/connection.go:64.52,65.43 1 0
github.com/litebase/litebase/pkg/vector/connection.go:65.43,69.39 2 0
github.com/litebase/litebase/pkg/vector/connection.go:69.39,72.4 1 0
github.com/litebase/litebase/pkg/vector/connection.go:74.3,76.25 2 0
github.com/litebase/litebase/pkg/vector/connection.go:76.25,78.4 1 0
github.com/litebase/litebase/pkg/vector/connection.go:84.60,88.16 2 0
github.com/litebase/litebase/pkg/vector/connection.go:88.16,90.3 1 0
github.com/litebase/litebase/pkg/vector/connection.go:92.2,103.16 5 0
github.com/litebase/litebase/pkg/vector/connection.go:103.16,106.3 2 0
github.com/litebase/litebase/pkg/vector/connection.go:109.2,113.84 3 0
github.com/litebase/litebase/pkg/vector/connection.go:113.84,116.28 2 0
github.com/litebase/litebase/pkg/vector/connection.go:116.28,118.4 1 0
github.com/litebase/litebase/pkg/vector/connection.go:121.3,126.17 2 0
github.com/litebase/litebase/pkg/vector/connection.go:126.17,129.12 2 0
github.com/litebase/litebase/pkg/vector/connection.go:133.3,136.35 2 0
github.com/litebase/litebase/pkg/vector/connection.go:136.35,137.20 1 0
github.com/litebase/litebase/pkg/vector/connection.go:137.20,138.13 1 0
github.com/litebase/litebase/pkg/vector/connection.go:141.4,144.28 3 0
github.com/litebase/litebase/pkg/vector/connection.go:144.28,145.13 1 0
github.com/litebase/litebase/pkg/vector/connection.go:149.4,151.18 2 0
github.com/litebase/litebase/pkg/vector/connection.go:151.18,153.13 2 0
github.com/litebase/litebase/pkg/vector/connection.go:157.4,159.22 2 0
github.com/litebase/litebase/pkg/vector/connection.go:160.14,161.53 1 0
github.com/litebase/litebase/pkg/vector/connection.go:162.18,163.57 1 0
github.com/litebase/litebase/pkg/vector/connection.go:164.15,165.54 1 0
github.com/litebase/litebase/pkg/vector/connection.go:166.12,167.55 1 0
github.com/litebase/litebase/pkg/vector/connection.go:171.4,173.18 2 0
github.com/litebase/litebase/pkg/vector/connection.go:173.18,175.13 2 0
github.com/litebase/litebase/pkg/vector/connection.go:179.4,179.37 1 0
github.com/litebase/litebase/pkg/vector/connection.go:184.3,184.28 1 0
github.com/litebase/litebase/pkg/vector/connection.go:184.28,185.11 1 0
github.com/litebase/litebase/pkg/vector/connection.go:190.6,190.6 0 0
github.com/litebase/litebase/pkg/vector/connection.go:192.12,194.64 1 0
github.com/litebase/litebase/pkg/vector/connection.go:199.3,199.20 1 0
github.com/litebase/litebase/pkg/vector/connection.go:203.2,207.8 1 0
github.com/litebase/litebase/pkg/vector/connection.go:212.81,215.2 1 0
github.com/litebase/litebase/pkg/vector/connection.go:218.84,222.16 2 0
github.com/litebase/litebase/pkg/vector/connection.go:222.16,224.3 1 0
github.com/litebase/litebase/pkg/vector/connection.go:226.2,237.16 5 0
github.com/litebase/litebase/pkg/vector/connection.go:237.16,240.3 2 0
github.com/litebase/litebase/pkg/vector/connection.go:242.2,249.16 3 0
github.com/litebase/litebase/pkg/vector/connection.go:249.16,252.3 2 0
github.com/litebase/litebase/pkg/vector/connection.go:255.2,255.34 1 0
github.com/litebase/litebase/pkg/vector/connection.go:255.34,256.19 1 0
github.com/litebase/litebase/pkg/vector/connection.go:256.19,257.12 1 0
github.com/litebase/litebase/pkg/vector/connection.go:260.3,263.27 3 0
github.com/litebase/litebase/pkg/vector/connection.go:263.27,264.12 1 0
github.com/litebase/litebase/pkg/vector/connection.go:268.3,270.17 2 0
github.com/litebase/litebase/pkg/vector/connection.go:270.17,272.12 2 0
github.com/litebase/litebase/pkg/vector/connection.go:276.3,278.21 2 0
github.com/litebase/litebase/pkg/vector/connection.go:279.13,280.52 1 0
github.com/litebase/litebase/pkg/vector/connection.go:281.17,282.56 1 0
github.com/litebase/litebase/pkg/vector/connection.go:283.14,284.53 1 0
github.com/litebase/litebase/pkg/vector/connection.go:285.11,286.54 1 0
github.com/litebase/litebase/pkg/vector/connection.go:290.3,292.17 2 0
github.com/litebase/litebase/pkg/vector/connection.go:292.17,294.12 2 0
github.com/litebase/litebase/pkg/vector/connection.go:298.3,298.31 1 0
github.com/litebase/litebase/pkg/vector/connection.go:301.2,305.8 1 0
github.com/litebase/litebase/pkg/vector/distance.go:34.30,35.35 1 0
github.com/litebase/litebase/pkg/vector/distance.go:35.35,38.3 2 0
github.com/litebase/litebase/pkg/vector/distance.go:42.72,43.49 1 0
github.com/litebase/litebase/pkg/vector/distance.go:43.49,45.3 1 0
github.com/litebase/litebase/pkg/vector/distance.go:47.2,47.16 1 0
github.com/litebase/litebase/pkg/vector/distance.go:48.16,49.26 1 0
github.com/litebase/litebase/pkg/vector/distance.go:50.20,51.30 1 0
github.com/litebase/litebase/pkg/vector/distance.go:52.17,53.27 1 0
github.com/litebase/litebase/pkg/vector/distance.go:54.21,57.17 2 0
github.com/litebase/litebase/pkg/vector/distance.go:57.17,59.4 1 0
github.com/litebase/litebase/pkg/vector/distance.go:61.3,61.32 1 0
github.com/litebase/litebase/pkg/vector/distance.go:62.10,63.33 1 0
github.com/litebase/litebase/pkg/vector/distance.go:68.52,69.49 1 0
github.com/litebase/litebase/pkg/vector/distance.go:69.49,71.3 1 0
github.com/litebase/litebase/pkg/vector/distance.go:73.2,79.20 5 0
github.com/litebase/litebase/pkg/vector/distance.go:83.56,84.49 1 0
github.com/litebase/litebase/pkg/vector/distance.go:84.49,86.3 1 0
github.com/litebase/litebase/pkg/vector/distance.go:88.2,94.20 5 0
github.com/litebase/litebase/pkg/vector/distance.go:98.53,99.49 1 0
github.com/litebase/litebase/pkg/vector/distance.go:99.49,101.3 1 0
github.com/litebase/litebase/pkg/vector/distance.go:103.2,109.20 5 0
github.com/litebase/litebase/pkg/vector/distance.go:114.53,115.49 1 0
github.com/litebase/litebase/pkg/vector/distance.go:115.49,117.3 1 0
github.com/litebase/litebase/pkg/vector/distance.go:120.2,120.56 1 0
github.com/litebase/litebase/pkg/vector/distance.go:120.56,122.3 1 0
github.com/litebase/litebase/pkg/vector/distance.go:124.2,124.47 1 0
github.com/litebase/litebase/pkg/vector/distance.go:128.41,131.19 2 0
github.com/litebase/litebase/pkg/vector/distance.go:131.19,137.3 2 0
github.com/litebase/litebase/pkg/vector/distance.go:139.2,139.17 1 0
github.com/litebase/litebase/pkg/vector/distance.go:143.27,147.13 2 0
github.com/litebase/litebase/pkg/vector/distance.go:147.13,150.3 2 0
github.com/litebase/litebase/pkg/vector/distance.go:152.2,152.14 1 0
github.com/litebase/litebase/pkg/vector/distance.go:158.43,161.19 2 0
github.com/litebase/litebase/pkg/vector/distance.go:161.19,164.3 2 0
github.com/litebase/litebase/pkg/vector/distance.go:166.2,166.23 1 0
github.com/litebase/litebase/pkg/vector/distance.go:170.47,173.19 2 0
github.com/litebase/litebase/pkg/vector/distance.go:173.19,177.3 3 0
github.com/litebase/litebase/pkg/vector/distance.go:179.2,181.25 2 0
github.com/litebase/litebase/pkg/vector/distance.go:185.44,188.19 2 0
github.com/litebase/litebase/pkg/vector/distance.go:188.19,190.3 1 0
github.com/litebase/litebase/pkg/vector/distance.go:192.2,192.20 1 0
github.com/litebase/litebase/pkg/vector/float16.go:9.41,17.14 5 0
github.com/litebase/litebase/pkg/vector/float16.go:17.14,19.16 1 0
github.com/litebase/litebase/pkg/vector/float16.go:19.16,21.4 1 0
github.com/litebase/litebase/pkg/vector/float16.go:23.3,25.41 3 0
github.com/litebase/litebase/pkg/vector/float16.go:28.2,28.17 1 0
github.com/litebase/litebase/pkg/vector/float16.go:28.17,30.20 1 0
github.com/litebase/litebase/pkg/vector/float16.go:30.20,32.4 1 0
github.com/litebase/litebase/pkg/vector/float16.go:34.3,34.50 1 0
github.com/litebase/litebase/pkg/vector/float16.go:38.2,38.62 1 0
github.com/litebase/litebase/pkg/vector/float16.go:42.41,47.13 4 0
github.com/litebase/litebase/pkg/vector/float16.go:48.9,50.20 1 0
github.com/litebase/litebase/pkg/vector/float16.go:50.20,52.4 1 0
github.com/litebase/litebase/pkg/vector/float16.go:55.3,56.31 2 0
github.com/litebase/litebase/pkg/vector/float16.go:56.31,59.4 2 0
github.com/litebase/litebase/pkg/vector/float16.go:61.3,61.20 1 0
github.com/litebase/litebase/pkg/vector/float16.go:62.12,64.68 1 0
github.com/litebase/litebase/pkg/vector/float16.go:68.2,71.68 3 0
github.com/litebase/litebase/pkg/vector/heap.go:21.35,26.2 1 0
github.com/litebase/litebase/pkg/vector/heap.go:29.30,31.2 1 0
github.com/litebase/litebase/pkg/vector/heap.go:34.40,35.52 1 0
github.com/litebase/litebase/pkg/vector/heap.go:35.52,37.3 1 0
github.com/litebase/litebase/pkg/vector/heap.go:39.2,39.54 1 0
github.com/litebase/litebase/pkg/vector/heap.go:43.35,45.2 1 0
github.com/litebase/litebase/pkg/vector/heap.go:48.32,50.2 1 0
github.com/litebase/litebase/pkg/vector/heap.go:53.30,60.2 5 0
github.com/litebase/litebase/pkg/vector/heap.go:63.58,66.26 2 0
github.com/litebase/litebase/pkg/vector/heap.go:66.26,69.3 2 0
github.com/litebase/litebase/pkg/vector/heap.go:71.2,71.107 1 0
github.com/litebase/litebase/pkg/vector/heap.go:71.107,74.3 2 0
github.com/litebase/litebase/pkg/vector/heap.go:79.45,84.41 3 0
github.com/litebase/litebase/pkg/vector/heap.go:84.41,85.47 1 0
github.com/litebase/litebase/pkg/vector/heap.go:85.47,87.4 1 0
github.com/litebase/litebase/pkg/vector/heap.go:89.3,89.49 1 0
github.com/litebase/litebase/pkg/vector/heap.go:92.2,92.15 1 0
github.com/litebase/litebase/pkg/vector/heap.go:97.58,100.26 2 0
github.com/litebase/litebase/pkg/vector/heap.go:100.26,101.36 1 0
github.com/litebase/litebase/pkg/vector/heap.go:101.36,103.4 1 0
github.com/litebase/litebase/pkg/vector/heap.go:106.2,106.28 1 0
github.com/litebase/litebase/pkg/vector/heap.go:110.47,111.18 1 0
github.com/litebase/litebase/pkg/vector/heap.go:111.18,113.3 1 0
github.com/litebase/litebase/pkg/vector/heap.go:115.2,115.39 1 0
github.com/litebase/litebase/pkg/vector/heap.go:115.39,117.3 1 0
github.com/litebase/litebase/pkg/vector/heap.go:121.45,130.30 7 0
github.com/litebase/litebase/pkg/vector/heap.go:130.30,132.3 1 0
github.com/litebase/litebase/pkg/vector/heap.go:134.2,134.30 1 0
github.com/litebase/litebase/pkg/vector/heap.go:134.30,136.3 1 0
github.com/litebase/litebase/pkg/vector/heap.go:138.2,138.18 1 0
github.com/litebase/litebase/pkg/vector/indexer_job.go:32.162,35.16 2 0
github.com/litebase/litebase/pkg/vector/indexer_job.go:35.16,37.3 1 0
github.com/litebase/litebase/pkg/vector/indexer_job.go:39.2,47.8 1 0
github.com/litebase/litebase/pkg/vector/indexer_job.go:51.88,60.16 2 0
github.com/litebase/litebase/pkg/vector/indexer_job.go:60.16,62.3 1 0
github.com/litebase/litebase/pkg/vector/indexer_job.go:64.2,67.31 3 0
github.com/litebase/litebase/pkg/vector/indexer_job.go:67.31,68.19 1 0
github.com/litebase/litebase/pkg/vector/indexer_job.go:68.19,69.12 1 0
github.com/litebase/litebase/pkg/vector/indexer_job.go:72.3,77.20 4 0
github.com/litebase/litebase/pkg/vector/indexer_job.go:78.17,79.59 1 0
github.com/litebase/litebase/pkg/vector/indexer_job.go:79.59,81.13 2 0
github.com/litebase/litebase/pkg/vector/indexer_job.go:84.17,85.47 1 0
github.com/litebase/litebase/pkg/vector/indexer_job.go:85.47,87.13 2 0
github.com/litebase/litebase/pkg/vector/indexer_job.go:91.3,92.14 2 0
github.com/litebase/litebase/pkg/vector/indexer_job.go:96.2,96.26 1 0
github.com/litebase/litebase/pkg/vector/indexer_job.go:96.26,97.62 1 0
github.com/litebase/litebase/pkg/vector/indexer_job.go:97.62,99.4 1 0
github.com/litebase/litebase/pkg/vector/indexer_job.go:103.2,103.58 1 0
github.com/litebase/litebase/pkg/vector/indexer_job.go:103.58,105.3 1 0
github.com/litebase/litebase/pkg/vector/indexer_job.go:108.2,108.19 1 0
github.com/litebase/litebase/pkg/vector/indexer_job.go:108.19,109.58 1 0
github.com/litebase/litebase/pkg/vector/indexer_job.go:109.58,111.4 1 0
github.com/litebase/litebase/pkg/vector/indexer_job.go:114.2,114.23 1 0
github.com/litebase/litebase/pkg/vector/indexer_job.go:118.75,122.16 2 0
github.com/litebase/litebase/pkg/vector/indexer_job.go:122.16,124.3 1 0
github.com/litebase/litebase/pkg/vector/indexer_job.go:126.2,128.34 2 0
github.com/litebase/litebase/pkg/vector/indexer_job.go:128.34,130.3 1 0
github.com/litebase/litebase/pkg/vector/indexer_job.go:133.2,135.16 2 0
github.com/litebase/litebase/pkg/vector/indexer_job.go:135.16,137.3 1 0
github.com/litebase/litebase/pkg/vector/indexer_job.go:140.2,147.38 2 0
github.com/litebase/litebase/pkg/vector/indexer_job.go:147.38,149.3 1 0
github.com/litebase/litebase/pkg/vector/indexer_job.go:151.2,168.16 4 0
github.com/litebase/litebase/pkg/vector/indexer_job.go:168.16,170.3 1 0
github.com/litebase/litebase/pkg/vector/indexer_job.go:173.2,180.16 2 0
github.com/litebase/litebase/pkg/vector/indexer_job.go:180.16,182.3 1 0
github.com/litebase/litebase/pkg/vector/indexer_job.go:185.2,185.81 1 0
github.com/litebase/litebase/pkg/vector/indexer_job.go:185.81,187.3 1 0
github.com/litebase/litebase/pkg/vector/indexer_job.go:189.2,189.12 1 0
github.com/litebase/litebase/pkg/vector/indexer_job.go:193.56,202.38 2 0
github.com/litebase/litebase/pkg/vector/indexer_job.go:202.38,205.3 1 0
github.com/litebase/litebase/pkg/vector/indexer_job.go:207.2,218.16 4 0
github.com/litebase/litebase/pkg/vector/indexer_job.go:218.16,220.3 1 0
github.com/litebase/litebase/pkg/vector/indexer_job.go:223.2,230.16 2 0
github.com/litebase/litebase/pkg/vector/indexer_job.go:230.16,232.3 1 0
github.com/litebase/litebase/pkg/vector/indexer_job.go:235.2,237.81 2 0
github.com/litebase/litebase/pkg/vector/indexer_job.go:237.81,239.3 1 0
github.com/litebase/litebase/pkg/vector/indexer_job.go:241.2,241.12 1 0
github.com/litebase/litebase/pkg/vector/indexer_job.go:245.66,250.25 3 0
github.com/litebase/litebase/pkg/vector/indexer_job.go:250.25,256.3 2 0
github.com/litebase/litebase/pkg/vector/indexer_job.go:258.2,262.12 3 0
github.com/litebase/litebase/pkg/vector/indexer_job.go:266.62,275.37 3 0
github.com/litebase/litebase/pkg/vector/indexer_job.go:275.37,276.91 1 0
github.com/litebase/litebase/pkg/vector/indexer_job.go:276.91,278.4 1 0
github.com/litebase/litebase/pkg/vector/indexer_job.go:281.2,290.12 3 0
github.com/litebase/litebase/pkg/vector/partition.go:14.153,18.16 2 0
github.com/litebase/litebase/pkg/vector/partition.go:18.16,20.3 1 0
github.com/litebase/litebase/pkg/vector/partition.go:22.2,29.16 4 0
github.com/litebase/litebase/pkg/vector/partition.go:29.16,31.3 1 0
github.com/litebase/litebase/pkg/vector/partition.go:33.2,33.65 1 0
github.com/litebase/litebase/pkg/vector/partition.go:33.65,35.3 1 0
github.com/litebase/litebase/pkg/vector/partition.go:37.2,39.19 2 0
github.com/litebase/litebase/pkg/vector/partition.go:39.19,41.3 1 0
github.com/litebase/litebase/pkg/vector/partition.go:44.2,50.63 4 0
github.com/litebase/litebase/pkg/vector/partition.go:50.63,53.21 2 0
github.com/litebase/litebase/pkg/vector/partition.go:53.21,55.4 1 0
github.com/litebase/litebase/pkg/vector/partition.go:57.3,60.5 1 0
github.com/litebase/litebase/pkg/vector/partition.go:63.2,63.24 1 0
github.com/litebase/litebase/pkg/vector/pool.go:10.26,12.3 1 0
github.com/litebase/litebase/pkg/vector/pool.go:16.34,18.2 1 0
github.com/litebase/litebase/pkg/vector/pool.go:21.36,22.15 1 0
github.com/litebase/litebase/pkg/vector/pool.go:22.15,24.3 1 0
github.com/litebase/litebase/pkg/vector/pool.go:27.2,31.24 5 0
github.com/litebase/litebase/pkg/vector/pool.go:36.62,37.19 1 0
github.com/litebase/litebase/pkg/vector/pool.go:37.19,39.3 1 0
github.com/litebase/litebase/pkg/vector/pool.go:41.2,43.31 2 0
github.com/litebase/litebase/pkg/vector/pool.go:43.31,45.3 1 0
github.com/litebase/litebase/pkg/vector/pool.go:47.2,50.39 3 0
github.com/litebase/litebase/pkg/vector/pool.go:50.39,52.3 1 0
github.com/litebase/litebase/pkg/vector/pool.go:54.2,62.20 6 0
github.com/litebase/litebase/pkg/vector/pool.go:63.25,64.22 1 0
github.com/litebase/litebase/pkg/vector/pool.go:65.25,66.22 1 0
github.com/litebase/litebase/pkg/vector/pool.go:67.22,68.22 1 0
github.com/litebase/litebase/pkg/vector/pool.go:69.23,70.22 1 0
github.com/litebase/litebase/pkg/vector/pool.go:71.25,72.22 1 0
github.com/litebase/litebase/pkg/vector/pool.go:73.21,77.32 2 0
github.com/litebase/litebase/pkg/vector/pool.go:77.32,80.4 2 0
github.com/litebase/litebase/pkg/vector/pool.go:82.3,83.17 2 0
github.com/litebase/litebase/pkg/vector/pool.go:84.24,86.20 1 0
github.com/litebase/litebase/pkg/vector/pool.go:86.20,89.4 2 0
github.com/litebase/litebase/pkg/vector/pool.go:91.3,92.17 2 0
github.com/litebase/litebase/pkg/vector/pool.go:93.10,95.35 2 0
github.com/litebase/litebase/pkg/vector/pool.go:98.2,100.31 2 0
github.com/litebase/litebase/pkg/vector/pool.go:100.31,103.3 2 0
github.com/litebase/litebase/pkg/vector/pool.go:105.2,107.16 2 0
github.com/litebase/litebase/pkg/vector/quantize.go:10.73,11.22 1 0
github.com/litebase/litebase/pkg/vector/quantize.go:11.22,13.3 1 0
github.com/litebase/litebase/pkg/vector/quantize.go:15.2,15.33 1 0
github.com/litebase/litebase/pkg/vector/quantize.go:15.33,17.3 1 0
github.com/litebase/litebase/pkg/vector/quantize.go:20.2,23.31 3 0
github.com/litebase/litebase/pkg/vector/quantize.go:23.31,24.14 1 0
github.com/litebase/litebase/pkg/vector/quantize.go:24.14,26.4 1 0
github.com/litebase/litebase/pkg/vector/quantize.go:28.3,28.14 1 0
github.com/litebase/litebase/pkg/vector/quantize.go:28.14,30.4 1 0
github.com/litebase/litebase/pkg/vector/quantize.go:34.2,40.27 4 0
github.com/litebase/litebase/pkg/vector/quantize.go:40.27,44.3 2 0
github.com/litebase/litebase/pkg/vector/quantize.go:46.2,46.38 1 0
github.com/litebase/litebase/pkg/vector/quantize.go:50.84,53.30 2 0
github.com/litebase/litebase/pkg/vector/quantize.go:53.30,57.3 2 0
github.com/litebase/litebase/pkg/vector/quantize.go:59.2,59.15 1 0
github.com/litebase/litebase/pkg/vector/quantize.go:63.75,64.22 1 0
github.com/litebase/litebase/pkg/vector/quantize.go:64.22,66.3 1 0
github.com/litebase/litebase/pkg/vector/quantize.go:68.2,68.33 1 0
github.com/litebase/litebase/pkg/vector/quantize.go:68.33,70.3 1 0
github.com/litebase/litebase/pkg/vector/quantize.go:73.2,76.31 3 0
github.com/litebase/litebase/pkg/vector/quantize.go:76.31,77.14 1 0
github.com/litebase/litebase/pkg/vector/quantize.go:77.14,79.4 1 0
github.com/litebase/litebase/pkg/vector/quantize.go:81.3,81.14 1 0
github.com/litebase/litebase/pkg/vector/quantize.go:81.14,83.4 1 0
github.com/litebase/litebase/pkg/vector/quantize.go:87.2,93.27 4 0
github.com/litebase/litebase/pkg/vector/quantize.go:93.27,97.3 2 0
github.com/litebase/litebase/pkg/vector/quantize.go:99.2,99.38 1 0
github.com/litebase/litebase/pkg/vector/quantize.go:103.86,106.30 2 0
github.com/litebase/litebase/pkg/vector/quantize.go:106.30,110.3 2 0
github.com/litebase/litebase/pkg/vector/quantize.go:112.2,112.15 1 0
github.com/litebase/litebase/pkg/vector/quantize.go:117.60,118.22 1 0
github.com/litebase/litebase/pkg/vector/quantize.go:118.22,120.3 1 0
github.com/litebase/litebase/pkg/vector/quantize.go:122.2,122.33 1 0
github.com/litebase/litebase/pkg/vector/quantize.go:122.33,124.3 1 0
github.com/litebase/litebase/pkg/vector/quantize.go:126.2,128.27 2 0
github.com/litebase/litebase/pkg/vector/quantize.go:128.27,130.3 1 0
github.com/litebase/litebase/pkg/vector/quantize.go:132.2,132.23 1 0
github.com/litebase/litebase/pkg/vector/quantize.go:136.58,139.30 2 0
github.com/litebase/litebase/pkg/vector/quantize.go:139.30,141.3 1 0
github.com/litebase/litebase/pkg/vector/quantize.go:143.2,143.15 1 0
github.com/litebase/litebase/pkg/vector/quantize.go:148.54,149.22 1 0
github.com/litebase/litebase/pkg/vector/quantize.go:149.22,151.3 1 0
github.com/litebase/litebase/pkg/vector/quantize.go:153.2,153.33 1 0
github.com/litebase/litebase/pkg/vector/quantize.go:153.33,155.3 1 0
github.com/litebase/litebase/pkg/vector/quantize.go:158.2,161.27 3 0
github.com/litebase/litebase/pkg/vector/quantize.go:161.27,165.13 3 0
github.com/litebase/litebase/pkg/vector/quantize.go:165.13,167.4 1 0
github.com/litebase/litebase/pkg/vector/quantize.go:170.2,170.23 1 0
github.com/litebase/litebase/pkg/vector/quantize.go:174.68,177.34 2 0
github.com/litebase/litebase/pkg/vector/quantize.go:177.34,181.48 3 0
github.com/litebase/litebase/pkg/vector/quantize.go:181.48,183.4 1 0
github.com/litebase/litebase/pkg/vector/quantize.go:183.9,185.4 1 0
github.com/litebase/litebase/pkg/vector/quantize.go:188.2,188.15 1 0
github.com/litebase/litebase/pkg/vector/quantize.go:193.71,194.22 1 0
github.com/litebase/litebase/pkg/vector/quantize.go:194.22,196.3 1 0
github.com/litebase/litebase/pkg/vector/quantize.go:198.2,198.33 1 0
github.com/litebase/litebase/pkg/vector/quantize.go:198.33,200.3 1 0
github.com/litebase/litebase/pkg/vector/quantize.go:203.2,205.27 2 0
github.com/litebase/litebase/pkg/vector/quantize.go:205.27,207.3 1 0
github.com/litebase/litebase/pkg/vector/quantize.go:209.2,215.27 4 0
github.com/litebase/litebase/pkg/vector/quantize.go:215.27,219.16 3 0
github.com/litebase/litebase/pkg/vector/quantize.go:219.16,221.4 1 0
github.com/litebase/litebase/pkg/vector/quantize.go:224.2,224.29 1 0
github.com/litebase/litebase/pkg/vector/quantize.go:228.90,231.28 2 0
github.com/litebase/litebase/pkg/vector/quantize.go:231.28,235.48 3 0
github.com/litebase/litebase/pkg/vector/quantize.go:235.48,237.4 1 0
github.com/litebase/litebase/pkg/vector/quantize.go:237.9,239.4 1 0
github.com/litebase/litebase/pkg/vector/quantize.go:242.2,242.15 1 0
github.com/litebase/litebase/pkg/vector/quantize.go:246.74,247.39 1 0
github.com/litebase/litebase/pkg/vector/quantize.go:247.39,249.3 1 0
github.com/litebase/litebase/pkg/vector/quantize.go:251.2,253.26 2 0
github.com/litebase/litebase/pkg/vector/quantize.go:253.26,256.15 2 0
github.com/litebase/litebase/pkg/vector/quantize.go:256.15,258.4 1 0
github.com/litebase/litebase/pkg/vector/quantize.go:260.3,260.21 1 0
github.com/litebase/litebase/pkg/vector/quantize.go:263.2,263.44 1 0
github.com/litebase/litebase/pkg/vector/scan.go:22.136,26.16 2 0
github.com/litebase/litebase/pkg/vector/scan.go:26.16,28.3 1 0
github.com/litebase/litebase/pkg/vector/scan.go:31.2,33.16 2 0
github.com/litebase/litebase/pkg/vector/scan.go:33.16,35.3 1 0
github.com/litebase/litebase/pkg/vector/scan.go:38.2,43.35 2 0
github.com/litebase/litebase/pkg/vector/scan.go:47.156,51.16 2 0
github.com/litebase/litebase/pkg/vector/scan.go:51.16,53.3 1 0
github.com/litebase/litebase/pkg/vector/scan.go:55.2,55.26 1 0
github.com/litebase/litebase/pkg/vector/scan.go:55.26,57.3 1 0
github.com/litebase/litebase/pkg/vector/scan.go:60.2,73.12 6 0
github.com/litebase/litebase/pkg/vector/scan.go:73.12,76.39 2 0
github.com/litebase/litebase/pkg/vector/scan.go:76.39,77.32 1 0
github.com/litebase/litebase/pkg/vector/scan.go:77.32,79.13 2 0
github.com/litebase/litebase/pkg/vector/scan.go:84.4,84.43 1 0
github.com/litebase/litebase/pkg/vector/scan.go:89.2,89.39 1 0
github.com/litebase/litebase/pkg/vector/scan.go:89.39,107.3 2 0
github.com/litebase/litebase/pkg/vector/scan.go:110.2,110.39 1 0
github.com/litebase/litebase/pkg/vector/scan.go:110.39,113.26 2 0
github.com/litebase/litebase/pkg/vector/scan.go:113.26,115.4 1 0
github.com/litebase/litebase/pkg/vector/scan.go:118.2,125.35 4 0
github.com/litebase/litebase/pkg/vector/scan.go:131.161,133.2 1 0
github.com/litebase/litebase/pkg/vector/scan.go:136.161,148.16 9 0
github.com/litebase/litebase/pkg/vector/scan.go:148.16,151.3 2 0
github.com/litebase/litebase/pkg/vector/scan.go:153.2,153.27 1 0
github.com/litebase/litebase/pkg/vector/scan.go:157.88,159.2 1 0
github.com/litebase/litebase/pkg/vector/scan.go:162.88,165.41 2 0
github.com/litebase/litebase/pkg/vector/scan.go:165.41,167.3 1 0
github.com/litebase/litebase/pkg/vector/scan.go:169.2,174.10 5 0
github.com/litebase/litebase/pkg/vector/scan.go:178.48,180.2 1 0
github.com/litebase/litebase/pkg/vector/scan.go:183.48,186.2 2 0
github.com/litebase/litebase/pkg/vector/search.go:33.133,37.16 2 0
github.com/litebase/litebase/pkg/vector/search.go:37.16,39.3 1 0
github.com/litebase/litebase/pkg/vector/search.go:42.2,44.16 2 0
github.com/litebase/litebase/pkg/vector/search.go:44.16,46.3 1 0
github.com/litebase/litebase/pkg/vector/search.go:49.2,62.22 7 0
github.com/litebase/litebase/pkg/vector/search.go:66.84,72.52 4 0
github.com/litebase/litebase/pkg/vector/search.go:72.52,74.3 1 0
github.com/litebase/litebase/pkg/vector/search.go:76.2,81.44 3 0
github.com/litebase/litebase/pkg/vector/search.go:85.43,90.2 3 0
github.com/litebase/litebase/pkg/vector/search.go:99.59,105.13 4 0
github.com/litebase/litebase/pkg/vector/search.go:105.13,107.3 1 0
github.com/litebase/litebase/pkg/vector/search.go:110.2,117.35 3 0
github.com/litebase/litebase/pkg/vector/search.go:117.35,122.3 1 0
github.com/litebase/litebase/pkg/vector/search.go:124.2,126.16 2 0
github.com/litebase/litebase/pkg/vector/search.go:126.16,128.3 1 0
github.com/litebase/litebase/pkg/vector/search.go:130.2,130.31 1 0
github.com/litebase/litebase/pkg/vector/search.go:146.14,159.16 9 0
github.com/litebase/litebase/pkg/vector/search.go:159.16,162.3 2 0
github.com/litebase/litebase/pkg/vector/search.go:164.2,164.29 1 0
github.com/litebase/litebase/pkg/vector/search.go:168.90,171.14 2 0
github.com/litebase/litebase/pkg/vector/search.go:171.14,173.3 1 0
github.com/litebase/litebase/pkg/vector/search.go:175.2,178.10 3 0
github.com/litebase/litebase/pkg/vector/search.go:182.50,184.2 1 0
github.com/litebase/litebase/pkg/vector/search.go:188.150,192.16 2 0
github.com/litebase/litebase/pkg/vector/search.go:192.16,194.3 1 0
github.com/litebase/litebase/pkg/vector/search.go:196.2,215.16 7 0
github.com/litebase/litebase/pkg/vector/search.go:215.16,217.3 1 0
github.com/litebase/litebase/pkg/vector/search.go:219.2,223.35 3 0
github.com/litebase/litebase/pkg/vector/search.go:223.35,227.3 2 0
github.com/litebase/litebase/pkg/vector/search.go:230.2,232.42 2 0
github.com/litebase/litebase/pkg/vector/search.go:232.42,238.17 4 0
github.com/litebase/litebase/pkg/vector/search.go:238.17,240.12 2 0
github.com/litebase/litebase/pkg/vector/search.go:244.3,246.17 2 0
github.com/litebase/litebase/pkg/vector/search.go:247.19,248.49 1 0
github.com/litebase/litebase/pkg/vector/search.go:249.17,250.53 1 0
github.com/litebase/litebase/pkg/vector/search.go:251.14,252.50 1 0
github.com/litebase/litebase/pkg/vector/search.go:253.11,254.49 1 0
github.com/litebase/litebase/pkg/vector/search.go:257.3,257.17 1 0
github.com/litebase/litebase/pkg/vector/search.go:257.17,259.12 2 0
github.com/litebase/litebase/pkg/vector/search.go:262.3,265.5 1 0
github.com/litebase/litebase/pkg/vector/search.go:269.2,278.38 5 0
github.com/litebase/litebase/pkg/vector/search.go:278.38,290.17 3 0
github.com/litebase/litebase/pkg/vector/search.go:290.17,292.12 2 0
github.com/litebase/litebase/pkg/vector/search.go:295.3,298.42 2 0
github.com/litebase/litebase/pkg/vector/search.go:298.42,304.18 4 0
github.com/litebase/litebase/pkg/vector/search.go:304.18,306.13 2 0
github.com/litebase/litebase/pkg/vector/search.go:310.4,312.18 2 0
github.com/litebase/litebase/pkg/vector/search.go:313.20,314.48 1 0
github.com/litebase/litebase/pkg/vector/search.go:315.18,316.52 1 0
github.com/litebase/litebase/pkg/vector/search.go:317.15,318.49 1 0
github.com/litebase/litebase/pkg/vector/search.go:319.12,320.48 1 0
github.com/litebase/litebase/pkg/vector/search.go:323.4,323.18 1 0
github.com/litebase/litebase/pkg/vector/search.go:323.18,325.13 2 0
github.com/litebase/litebase/pkg/vector/search.go:329.4,332.6 1 0
github.com/litebase/litebase/pkg/vector/search.go:337.2,345.16 3 0
github.com/litebase/litebase/pkg/vector/search.go:345.16,348.34 2 0
github.com/litebase/litebase/pkg/vector/search.go:348.34,349.43 1 0
github.com/litebase/litebase/pkg/vector/search.go:349.43,355.19 4 0
github.com/litebase/litebase/pkg/vector/search.go:355.19,356.14 1 0
github.com/litebase/litebase/pkg/vector/search.go:359.5,361.19 2 0
github.com/litebase/litebase/pkg/vector/search.go:362.21,363.47 1 0
github.com/litebase/litebase/pkg/vector/search.go:364.19,365.51 1 0
github.com/litebase/litebase/pkg/vector/search.go:366.16,367.48 1 0
github.com/litebase/litebase/pkg/vector/search.go:368.13,369.47 1 0
github.com/litebase/litebase/pkg/vector/search.go:372.5,375.7 1 0
github.com/litebase/litebase/pkg/vector/search.go:381.2,381.34 1 0
github.com/litebase/litebase/pkg/vector/search.go:385.57,389.27 2 0
github.com/litebase/litebase/pkg/vector/search.go:389.27,390.30 1 0
github.com/litebase/litebase/pkg/vector/search.go:390.30,391.53 1 0
github.com/litebase/litebase/pkg/vector/search.go:391.53,393.5 1 0
github.com/litebase/litebase/pkg/vector/search.go:398.24,399.11 1 0
github.com/litebase/litebase/pkg/vector/search.go:399.11,401.3 1 0
github.com/litebase/litebase/pkg/vector/search.go:403.2,403.10 1 0
github.com/litebase/litebase/pkg/vector/search.go:406.24,407.11 1 0
github.com/litebase/litebase/pkg/vector/search.go:407.11,409.3 1 0
github.com/litebase/litebase/pkg/vector/search.go:411.2,411.10 1 0
github.com/litebase/litebase/pkg/vector/search.go:416.193,430.16 5 0
github.com/litebase/litebase/pkg/vector/search.go:430.16,433.3 2 0
github.com/litebase/litebase/pkg/vector/search.go:435.2,439.34 3 0
github.com/litebase/litebase/pkg/vector/search.go:439.34,441.3 1 0
github.com/litebase/litebase/pkg/vector/search.go:444.2,446.41 2 0
github.com/litebase/litebase/pkg/vector/search.go:446.41,452.17 4 0
github.com/litebase/litebase/pkg/vector/search.go:452.17,454.12 2 0
github.com/litebase/litebase/pkg/vector/search.go:458.3,460.17 2 0
github.com/litebase/litebase/pkg/vector/search.go:461.19,462.47 1 0
github.com/litebase/litebase/pkg/vector/search.go:463.17,464.51 1 0
github.com/litebase/litebase/pkg/vector/search.go:465.14,466.48 1 0
github.com/litebase/litebase/pkg/vector/search.go:467.11,468.47 1 0
github.com/litebase/litebase/pkg/vector/search.go:471.3,471.17 1 0
github.com/litebase/litebase/pkg/vector/search.go:471.17,473.12 2 0
github.com/litebase/litebase/pkg/vector/search.go:476.3,479.5 1 0
github.com/litebase/litebase/pkg/vector/search.go:482.2,485.21 3 0
github.com/litebase/litebase/pkg/vector/spfresh.go:45.168,59.2 3 0
github.com/litebase/litebase/pkg/vector/spfresh.go:62.77,65.16 2 0
github.com/litebase/litebase/pkg/vector/spfresh.go:65.16,67.3 1 0
github.com/litebase/litebase/pkg/vector/spfresh.go:70.2,70.24 1 0
github.com/litebase/litebase/pkg/vector/spfresh.go:70.24,72.3 1 0
github.com/litebase/litebase/pkg/vector/spfresh.go:75.2,78.35 3 0
github.com/litebase/litebase/pkg/vector/spfresh.go:78.35,79.39 1 0
github.com/litebase/litebase/pkg/vector/spfresh.go:79.39,80.12 1 0
github.com/litebase/litebase/pkg/vector/spfresh.go:83.3,85.30 2 0
github.com/litebase/litebase/pkg/vector/spfresh.go:85.30,88.4 2 0
github.com/litebase/litebase/pkg/vector/spfresh.go:92.2,92.24 1 0
github.com/litebase/litebase/pkg/vector/spfresh.go:92.24,94.3 1 0
github.com/litebase/litebase/pkg/vector/spfresh.go:96.2,96.27 1 0
github.com/litebase/litebase/pkg/vector/spfresh.go:100.69,107.16 2 0
github.com/litebase/litebase/pkg/vector/spfresh.go:107.16,109.3 1 0
github.com/litebase/litebase/pkg/vector/spfresh.go:111.2,113.31 2 0
github.com/litebase/litebase/pkg/vector/spfresh.go:113.31,114.19 1 0
github.com/litebase/litebase/pkg/vector/spfresh.go:114.19,115.12 1 0
github.com/litebase/litebase/pkg/vector/spfresh.go:118.3,132.39 6 0
github.com/litebase/litebase/pkg/vector/spfresh.go:135.2,135.22 1 0
github.com/litebase/litebase/pkg/vector/spfresh.go:139.77,150.16 3 0
github.com/litebase/litebase/pkg/vector/spfresh.go:150.16,152.3 1 0
github.com/litebase/litebase/pkg/vector/spfresh.go:155.2,160.38 2 0
github.com/litebase/litebase/pkg/vector/spfresh.go:160.38,162.3 1 0
github.com/litebase/litebase/pkg/vector/spfresh.go:164.2,166.23 2 0
github.com/litebase/litebase/pkg/vector/spfresh.go:170.102,179.38 2 0
github.com/litebase/litebase/pkg/vector/spfresh.go:179.38,181.3 1 0
github.com/litebase/litebase/pkg/vector/spfresh.go:183.2,191.19 5 0
github.com/litebase/litebase/pkg/vector/spfresh.go:192.16,196.34 2 0
github.com/litebase/litebase/pkg/vector/spfresh.go:196.34,198.4 1 0
github.com/litebase/litebase/pkg/vector/spfresh.go:199.16,201.16 1 0
github.com/litebase/litebase/pkg/vector/spfresh.go:201.16,204.4 1 0
github.com/litebase/litebase/pkg/vector/spfresh.go:204.9,207.35 2 0
github.com/litebase/litebase/pkg/vector/spfresh.go:207.35,209.5 1 0
github.com/litebase/litebase/pkg/vector/spfresh.go:213.2,224.12 3 0
github.com/litebase/litebase/pkg/vector/spfresh.go:228.54,231.16 2 0
github.com/litebase/litebase/pkg/vector/spfresh.go:231.16,233.3 1 0
github.com/litebase/litebase/pkg/vector/spfresh.go:235.2,235.35 1 0
github.com/litebase/litebase/pkg/vector/spfresh.go:235.35,236.38 1 0
github.com/litebase/litebase/pkg/vector/spfresh.go:236.38,237.60 1 0
github.com/litebase/litebase/pkg/vector/spfresh.go:237.60,239.5 1 0
github.com/litebase/litebase/pkg/vector/spfresh.go:243.2,243.12 1 0
github.com/litebase/litebase/pkg/vector/spfresh.go:247.64,256.16 2 0
github.com/litebase/litebase/pkg/vector/spfresh.go:256.16,258.3 1 0
github.com/litebase/litebase/pkg/vector/spfresh.go:260.2,260.24 1 0
github.com/litebase/litebase/pkg/vector/spfresh.go:260.24,262.3 1 0
github.com/litebase/litebase/pkg/vector/spfresh.go:265.2,268.31 3 0
github.com/litebase/litebase/pkg/vector/spfresh.go:268.31,269.19 1 0
github.com/litebase/litebase/pkg/vector/spfresh.go:269.19,270.12 1 0
github.com/litebase/litebase/pkg/vector/spfresh.go:273.3,278.36 5 0
github.com/litebase/litebase/pkg/vector/spfresh.go:281.2,281.23 1 0
github.com/litebase/litebase/pkg/vector/spfresh.go:281.23,283.3 1 0
github.com/litebase/litebase/pkg/vector/spfresh.go:286.2,292.16 4 0
github.com/litebase/litebase/pkg/vector/spfresh.go:292.16,294.3 1 0
github.com/litebase/litebase/pkg/vector/spfresh.go:297.2,297.33 1 0
github.com/litebase/litebase/pkg/vector/spfresh.go:297.33,303.20 4 0
github.com/litebase/litebase/pkg/vector/spfresh.go:303.20,305.4 1 0
github.com/litebase/litebase/pkg/vector/spfresh.go:305.9,307.4 1 0
github.com/litebase/litebase/pkg/vector/spfresh.go:309.3,317.17 2 0
github.com/litebase/litebase/pkg/vector/spfresh.go:317.17,319.4 1 0
github.com/litebase/litebase/pkg/vector/spfresh.go:323.2,330.37 2 0
github.com/litebase/litebase/pkg/vector/spfresh.go:330.37,340.3 2 0
github.com/litebase/litebase/pkg/vector/spfresh.go:342.2,349.37 2 0
github.com/litebase/litebase/pkg/vector/spfresh.go:349.37,359.3 2 0
github.com/litebase/litebase/pkg/vector/spfresh.go:361.2,361.12 1 0
github.com/litebase/litebase/pkg/vector/spfresh.go:365.51,368.27 2 0
github.com/litebase/litebase/pkg/vector/spfresh.go:368.27,370.3 1 0
github.com/litebase/litebase/pkg/vector/spfresh.go:372.2,372.13 1 0
github.com/litebase/litebase/pkg/vector/types.go:20.49,21.22 1 1
github.com/litebase/litebase/pkg/vector/types.go:21.22,23.3 1 1
github.com/litebase/litebase/pkg/vector/types.go:25.2,28.28 3 1
github.com/litebase/litebase/pkg/vector/types.go:28.28,31.3 2 1
github.com/litebase/litebase/pkg/vector/types.go:33.2,33.15 1 1
github.com/litebase/litebase/pkg/vector/types.go:37.41,38.22 1 1
github.com/litebase/litebase/pkg/vector/types.go:38.22,40.3 1 1
github.com/litebase/litebase/pkg/vector/types.go:42.2,44.19 2 1
github.com/litebase/litebase/pkg/vector/types.go:44.19,47.3 2 1
github.com/litebase/litebase/pkg/vector/types.go:49.2,49.41 1 1
github.com/litebase/litebase/pkg/vector/types.go:53.45,54.22 1 1
github.com/litebase/litebase/pkg/vector/types.go:54.22,56.3 1 1
github.com/litebase/litebase/pkg/vector/types.go:58.2,60.19 2 1
github.com/litebase/litebase/pkg/vector/types.go:60.19,64.3 3 1
github.com/litebase/litebase/pkg/vector/types.go:66.2,66.30 1 1
github.com/litebase/litebase/pkg/vector/types.go:66.30,68.3 1 1
github.com/litebase/litebase/pkg/vector/types.go:70.2,72.25 2 1
github.com/litebase/litebase/pkg/vector/types.go:76.42,77.22 1 1
github.com/litebase/litebase/pkg/vector/types.go:77.22,79.3 1 1
github.com/litebase/litebase/pkg/vector/types.go:81.2,83.19 2 1
github.com/litebase/litebase/pkg/vector/types.go:83.19,85.3 1 1
github.com/litebase/litebase/pkg/vector/types.go:87.2,87.20 1 1
github.com/litebase/litebase/pkg/vector/types.go:91.46,92.22 1 1
github.com/litebase/litebase/pkg/vector/types.go:92.22,94.3 1 1
github.com/litebase/litebase/pkg/vector/types.go:96.2,98.19 2 1
github.com/litebase/litebase/pkg/vector/types.go:98.19,99.19 1 1
github.com/litebase/litebase/pkg/vector/types.go:99.19,101.4 1 1
github.com/litebase/litebase/pkg/vector/types.go:104.2,104.17 1 1
github.com/litebase/litebase/pkg/vector/types.go:108.47,109.16 1 1
github.com/litebase/litebase/pkg/vector/types.go:110.24,111.20 1 1
github.com/litebase/litebase/pkg/vector/types.go:112.28,113.24 1 1
github.com/litebase/litebase/pkg/vector/types.go:114.25,115.21 1 1
github.com/litebase/litebase/pkg/vector/types.go:116.29,117.25 1 1
github.com/litebase/litebase/pkg/vector/types.go:118.10,119.20 1 1
github.com/litebase/litebase/pkg/vector/vector.go:28.34,29.29 1 0
github.com/litebase/litebase/pkg/vector/vector.go:29.29,32.3 2 0
github.com/litebase/litebase/pkg/vector/vector.go:34.2,34.25 1 0
github.com/litebase/litebase/pkg/vector/vector.go:38.27,39.29 1 0
github.com/litebase/litebase/pkg/vector/vector.go:39.29,42.3 2 0
github.com/litebase/litebase/pkg/vector/vector.go:46.22,50.17 2 0
github.com/litebase/litebase/pkg/vector/vector.go:50.17,52.3 1 0
github.com/litebase/litebase/pkg/vector/vector.go:54.2,54.10 1 0
github.com/litebase/litebase/pkg/vector/worker_pool.go:50.48,61.34 3 0
github.com/litebase/litebase/pkg/vector/worker_pool.go:61.34,70.3 3 0
github.com/litebase/litebase/pkg/vector/worker_pool.go:72.2,72.13 1 0
github.com/litebase/litebase/pkg/vector/worker_pool.go:77.41,79.15 2 0
github.com/litebase/litebase/pkg/vector/worker_pool.go:79.15,80.31 1 0
github.com/litebase/litebase/pkg/vector/worker_pool.go:80.31,82.4 1 0
github.com/litebase/litebase/pkg/vector/worker_pool.go:85.2,88.6 3 0
github.com/litebase/litebase/pkg/vector/worker_pool.go:88.6,93.27 3 0
github.com/litebase/litebase/pkg/vector/worker_pool.go:93.27,98.4 4 0
github.com/litebase/litebase/pkg/vector/worker_pool.go:98.9,100.11 1 0
github.com/litebase/litebase/pkg/vector/worker_pool.go:101.25,102.11 1 0
github.com/litebase/litebase/pkg/vector/worker_pool.go:103.33,104.12 1 0
github.com/litebase/litebase/pkg/vector/worker_pool.go:104.12,106.6 1 0
github.com/litebase/litebase/pkg/vector/worker_pool.go:107.5,108.24 2 0
github.com/litebase/litebase/pkg/vector/worker_pool.go:114.3,114.10 1 0
github.com/litebase/litebase/pkg/vector/worker_pool.go:115.36,116.10 1 0
github.com/litebase/litebase/pkg/vector/worker_pool.go:116.10,118.28 1 0
github.com/litebase/litebase/pkg/vector/worker_pool.go:118.28,121.13 2 0
github.com/litebase/litebase/pkg/vector/worker_pool.go:122.36,122.36 0 0
github.com/litebase/litebase/pkg/vector/worker_pool.go:123.27,128.8 1 0
github.com/litebase/litebase/pkg/vector/worker_pool.go:131.5,131.28 1 0
github.com/litebase/litebase/pkg/vector/worker_pool.go:133.11,133.11 0 0
github.com/litebase/litebase/pkg/vector/worker_pool.go:138.3,138.27 1 0
github.com/litebase/litebase/pkg/vector/worker_pool.go:138.27,140.4 1 0
github.com/litebase/litebase/pkg/vector/worker_pool.go:143.3,146.27 2 0
github.com/litebase/litebase/pkg/vector/worker_pool.go:146.27,147.11 1 0
github.com/litebase/litebase/pkg/vector/worker_pool.go:148.45,148.45 0 0
github.com/litebase/litebase/pkg/vector/worker_pool.go:150.25,151.11 1 0
github.com/litebase/litebase/pkg/vector/worker_pool.go:158.73,159.15 1 0
github.com/litebase/litebase/pkg/vector/worker_pool.go:159.15,160.31 1 0
github.com/litebase/litebase/pkg/vector/worker_pool.go:160.31,162.4 1 0
github.com/litebase/litebase/pkg/vector/worker_pool.go:165.2,167.16 2 0
github.com/litebase/litebase/pkg/vector/worker_pool.go:167.16,172.3 1 0
github.com/litebase/litebase/pkg/vector/worker_pool.go:174.2,174.15 1 0
github.com/litebase/litebase/pkg/vector/worker_pool.go:178.78,180.2 1 0
github.com/litebase/litebase/pkg/vector/worker_pool.go:182.40,184.2 1 0
github.com/litebase/litebase/pkg/vector/worker_pool.go:187.45,188.9 1 0
github.com/litebase/litebase/pkg/vector/worker_pool.go:189.23,193.4 1 0
github.com/litebase/litebase/pkg/vector/worker_pool.go:194.25,194.25 0 0
github.com/litebase/litebase/pkg/vector/worker_pool.go:200.34,204.2 3 0
